---
http_interactions:
- request:
    method: delete
    uri: https://api.jortt.nl/customers/56c5373a-e0f1-45a1-ad3a-17989429e53d
    body:
      encoding: US-ASCII
      string: ''
    headers:
      User-Agent:
      - Faraday v1.0.1
      Accept-Encoding:
      - gzip;q=1.0,deflate;q=0.6,identity;q=0.3
      Accept:
      - "*/*"
  response:
    status:
      code: 204
      message: No Content
    headers:
      Date:
      - Thu, 24 Sep 2020 15:02:47 GMT
      Connection:
      - keep-alive
      Server:
      - Apache
      Status:
      - 204 No Content
      Content-Security-Policy:
      - 'default-src ''self'' ''unsafe-inline'' blob: data: *.jortt.nl;     script-src
        ''self'' ''unsafe-eval'' blob: ''unsafe-inline'' files.jortt.nl *.googletagmanager.com
        *.uservoice.com inlinemanual.com *.google-analytics.com *.googleadservices.com
        bat.bing.com tapfiliate.com static.ads-twitter.com tagmanager.google.com analytics.twitter.com
        https://connect.facebook.net https://app.inlinemanual.com;     connect-src
        ''self'' https://*.jortt.nl wss://*.jortt.nl analytics.inlinemanual.com files.jortt.nl
        www.google-analytics.com stats.g.doubleclick.net file-storage-app-production.s3.eu-central-1.amazonaws.com
        https://app.inlinemanual.com;     style-src ''self'' ''unsafe-inline'' fonts.googleapis.com
        files.jortt.nl tagmanager.google.com https://app.inlinemanual.com;     font-src
        ''self'' data: fonts.gstatic.com files.jortt.nl https://app.inlinemanual.com;     frame-src
        ''self'' *.jortt.nl files.jortt.nl b.frstre.com beacon.tapfiliate.com jortt.uservoice.com
        *.vimeo.com https://connect.facebook.net;     img-src ''self'' blob: data:
        *.jortt.nl https://www.facebook.com files.jortt.nl www.google-analytics.com
        stats.g.doubleclick.net www.google.nl www.google.com bat.bing.com googleads.g.doubleclick.net
        https://www.googletagmanager.com https://widget.uservoice.com www.google.de
        t.co *.gstatic.com https://ssl.google-analytics.com https://app.inlinemanual.com'
    body:
      encoding: UTF-8
      string: ''
  recorded_at: Thu, 24 Sep 2020 15:02:47 GMT
- request:
    method: delete
    uri: https://api.jortt.nl/customers/c77548af-3260-4df4-b8f3-5bdc53f0fb60
    body:
      encoding: US-ASCII
      string: ''
    headers:
      User-Agent:
      - Faraday v1.0.1
      Accept-Encoding:
      - gzip;q=1.0,deflate;q=0.6,identity;q=0.3
      Accept:
      - "*/*"
  response:
    status:
      code: 204
      message: No Content
    headers:
      Date:
      - Thu, 24 Sep 2020 15:02:47 GMT
      Connection:
      - keep-alive
      Server:
      - Apache
      Status:
      - 204 No Content
      Content-Security-Policy:
      - 'default-src ''self'' ''unsafe-inline'' blob: data: *.jortt.nl;     script-src
        ''self'' ''unsafe-eval'' blob: ''unsafe-inline'' files.jortt.nl *.googletagmanager.com
        *.uservoice.com inlinemanual.com *.google-analytics.com *.googleadservices.com
        bat.bing.com tapfiliate.com static.ads-twitter.com tagmanager.google.com analytics.twitter.com
        https://connect.facebook.net https://app.inlinemanual.com;     connect-src
        ''self'' https://*.jortt.nl wss://*.jortt.nl analytics.inlinemanual.com files.jortt.nl
        www.google-analytics.com stats.g.doubleclick.net file-storage-app-production.s3.eu-central-1.amazonaws.com
        https://app.inlinemanual.com;     style-src ''self'' ''unsafe-inline'' fonts.googleapis.com
        files.jortt.nl tagmanager.google.com https://app.inlinemanual.com;     font-src
        ''self'' data: fonts.gstatic.com files.jortt.nl https://app.inlinemanual.com;     frame-src
        ''self'' *.jortt.nl files.jortt.nl b.frstre.com beacon.tapfiliate.com jortt.uservoice.com
        *.vimeo.com https://connect.facebook.net;     img-src ''self'' blob: data:
        *.jortt.nl https://www.facebook.com files.jortt.nl www.google-analytics.com
        stats.g.doubleclick.net www.google.nl www.google.com bat.bing.com googleads.g.doubleclick.net
        https://www.googletagmanager.com https://widget.uservoice.com www.google.de
        t.co *.gstatic.com https://ssl.google-analytics.com https://app.inlinemanual.com'
    body:
      encoding: UTF-8
      string: ''
  recorded_at: Thu, 24 Sep 2020 15:02:47 GMT
- request:
    method: post
    uri: https://app.jortt.nl/oauth-provider/oauth/token
    body:
      encoding: UTF-8
      string: grant_type=client_credentials&scope=invoices%3Aread+invoices%3Awrite+customers%3Aread+customers%3Awrite
    headers:
      User-Agent:
      - Faraday v1.0.1
      Content-Type:
      - application/x-www-form-urlencoded
      Accept-Encoding:
      - gzip;q=1.0,deflate;q=0.6,identity;q=0.3
      Accept:
      - "*/*"
  response:
    status:
      code: 200
      message: OK
    headers:
      Date:
      - Thu, 24 Sep 2020 15:03:22 GMT
      Content-Type:
      - application/json; charset=utf-8
      Transfer-Encoding:
      - chunked
      Connection:
      - keep-alive
      Status:
      - 200 OK
      Cache-Control:
      - private, no-store
      Referrer-Policy:
      - strict-origin-when-cross-origin
      X-Permitted-Cross-Domain-Policies:
      - none
      Pragma:
      - no-cache
      X-Xss-Protection:
      - 1; mode=block
      X-Request-Id:
      - 7bd9724a-2270-43b1-857b-aa37055c4fc1
      X-Download-Options:
      - noopen
      Etag:
      - W/"2712fb1beb7bc4266ac7ea32ce36df91"
      X-Frame-Options:
      - SAMEORIGIN
      X-Runtime:
      - '0.319082'
      X-Content-Type-Options:
      - nosniff
      X-Powered-By:
      - Phusion Passenger
      Server:
      - nginx + Phusion Passenger
    body:
      encoding: UTF-8
      string: '{"access_token":"hZSNY6aCeNHHDA_w4Qw-VYQuJejo0t8gFJpLWZrRq-A","token_type":"Bearer","expires_in":7200,"scope":"invoices:read
        invoices:write customers:read customers:write","created_at":1600959802}'
  recorded_at: Thu, 24 Sep 2020 15:03:22 GMT
- request:
    method: post
    uri: https://api.jortt.nl/customers
    body:
      encoding: UTF-8
      string: customer_name=Jane%20Doe&is_private=true
    headers:
      User-Agent:
      - Faraday v1.0.1
      Content-Length:
      - '0'
      Accept-Encoding:
      - gzip;q=1.0,deflate;q=0.6,identity;q=0.3
      Accept:
      - "*/*"
  response:
    status:
      code: 201
      message: Created
    headers:
      Date:
      - Thu, 24 Sep 2020 15:03:22 GMT
      Content-Type:
      - application/json
      Content-Length:
      - '54'
      Connection:
      - keep-alive
      Server:
      - Apache
      Status:
      - 201 Created
      Content-Security-Policy:
      - 'default-src ''self'' ''unsafe-inline'' blob: data: *.jortt.nl;     script-src
        ''self'' ''unsafe-eval'' blob: ''unsafe-inline'' files.jortt.nl *.googletagmanager.com
        *.uservoice.com inlinemanual.com *.google-analytics.com *.googleadservices.com
        bat.bing.com tapfiliate.com static.ads-twitter.com tagmanager.google.com analytics.twitter.com
        https://connect.facebook.net https://app.inlinemanual.com;     connect-src
        ''self'' https://*.jortt.nl wss://*.jortt.nl analytics.inlinemanual.com files.jortt.nl
        www.google-analytics.com stats.g.doubleclick.net file-storage-app-production.s3.eu-central-1.amazonaws.com
        https://app.inlinemanual.com;     style-src ''self'' ''unsafe-inline'' fonts.googleapis.com
        files.jortt.nl tagmanager.google.com https://app.inlinemanual.com;     font-src
        ''self'' data: fonts.gstatic.com files.jortt.nl https://app.inlinemanual.com;     frame-src
        ''self'' *.jortt.nl files.jortt.nl b.frstre.com beacon.tapfiliate.com jortt.uservoice.com
        *.vimeo.com https://connect.facebook.net;     img-src ''self'' blob: data:
        *.jortt.nl https://www.facebook.com files.jortt.nl www.google-analytics.com
        stats.g.doubleclick.net www.google.nl www.google.com bat.bing.com googleads.g.doubleclick.net
        https://www.googletagmanager.com https://widget.uservoice.com www.google.de
        t.co *.gstatic.com https://ssl.google-analytics.com https://app.inlinemanual.com'
    body:
      encoding: UTF-8
      string: '{"data":{"id":"97dee356-0b9e-4ba4-a9a8-e787012c2cb1"}}'
  recorded_at: Thu, 24 Sep 2020 15:03:22 GMT
- request:
    method: post
    uri: https://api.jortt.nl/customers
    body:
      encoding: UTF-8
      string: customer_name=John%20Doe&is_private=true
    headers:
      User-Agent:
      - Faraday v1.0.1
      Content-Length:
      - '0'
      Accept-Encoding:
      - gzip;q=1.0,deflate;q=0.6,identity;q=0.3
      Accept:
      - "*/*"
  response:
    status:
      code: 201
      message: Created
    headers:
      Date:
      - Thu, 24 Sep 2020 15:03:22 GMT
      Content-Type:
      - application/json
      Content-Length:
      - '54'
      Connection:
      - keep-alive
      Server:
      - Apache
      Status:
      - 201 Created
      Content-Security-Policy:
      - 'default-src ''self'' ''unsafe-inline'' blob: data: *.jortt.nl;     script-src
        ''self'' ''unsafe-eval'' blob: ''unsafe-inline'' files.jortt.nl *.googletagmanager.com
        *.uservoice.com inlinemanual.com *.google-analytics.com *.googleadservices.com
        bat.bing.com tapfiliate.com static.ads-twitter.com tagmanager.google.com analytics.twitter.com
        https://connect.facebook.net https://app.inlinemanual.com;     connect-src
        ''self'' https://*.jortt.nl wss://*.jortt.nl analytics.inlinemanual.com files.jortt.nl
        www.google-analytics.com stats.g.doubleclick.net file-storage-app-production.s3.eu-central-1.amazonaws.com
        https://app.inlinemanual.com;     style-src ''self'' ''unsafe-inline'' fonts.googleapis.com
        files.jortt.nl tagmanager.google.com https://app.inlinemanual.com;     font-src
        ''self'' data: fonts.gstatic.com files.jortt.nl https://app.inlinemanual.com;     frame-src
        ''self'' *.jortt.nl files.jortt.nl b.frstre.com beacon.tapfiliate.com jortt.uservoice.com
        *.vimeo.com https://connect.facebook.net;     img-src ''self'' blob: data:
        *.jortt.nl https://www.facebook.com files.jortt.nl www.google-analytics.com
        stats.g.doubleclick.net www.google.nl www.google.com bat.bing.com googleads.g.doubleclick.net
        https://www.googletagmanager.com https://widget.uservoice.com www.google.de
        t.co *.gstatic.com https://ssl.google-analytics.com https://app.inlinemanual.com'
    body:
      encoding: UTF-8
      string: '{"data":{"id":"49a5b92a-e33a-4001-b290-462de0fbab39"}}'
  recorded_at: Thu, 24 Sep 2020 15:03:22 GMT
- request:
    method: get
    uri: https://api.jortt.nl/customers?page=1&query
    body:
      encoding: US-ASCII
      string: ''
    headers:
      User-Agent:
      - Faraday v1.0.1
      Accept-Encoding:
      - gzip;q=1.0,deflate;q=0.6,identity;q=0.3
      Accept:
      - "*/*"
  response:
    status:
      code: 200
      message: OK
    headers:
      Date:
      - Thu, 24 Sep 2020 15:03:22 GMT
      Content-Type:
      - application/json
      Content-Length:
      - '2482'
      Connection:
      - keep-alive
      Server:
      - Apache
      Status:
      - 200 OK
      Content-Security-Policy:
      - 'default-src ''self'' ''unsafe-inline'' blob: data: *.jortt.nl;     script-src
        ''self'' ''unsafe-eval'' blob: ''unsafe-inline'' files.jortt.nl *.googletagmanager.com
        *.uservoice.com inlinemanual.com *.google-analytics.com *.googleadservices.com
        bat.bing.com tapfiliate.com static.ads-twitter.com tagmanager.google.com analytics.twitter.com
        https://connect.facebook.net https://app.inlinemanual.com;     connect-src
        ''self'' https://*.jortt.nl wss://*.jortt.nl analytics.inlinemanual.com files.jortt.nl
        www.google-analytics.com stats.g.doubleclick.net file-storage-app-production.s3.eu-central-1.amazonaws.com
        https://app.inlinemanual.com;     style-src ''self'' ''unsafe-inline'' fonts.googleapis.com
        files.jortt.nl tagmanager.google.com https://app.inlinemanual.com;     font-src
        ''self'' data: fonts.gstatic.com files.jortt.nl https://app.inlinemanual.com;     frame-src
        ''self'' *.jortt.nl files.jortt.nl b.frstre.com beacon.tapfiliate.com jortt.uservoice.com
        *.vimeo.com https://connect.facebook.net;     img-src ''self'' blob: data:
        *.jortt.nl https://www.facebook.com files.jortt.nl www.google-analytics.com
        stats.g.doubleclick.net www.google.nl www.google.com bat.bing.com googleads.g.doubleclick.net
        https://www.googletagmanager.com https://widget.uservoice.com www.google.de
        t.co *.gstatic.com https://ssl.google-analytics.com https://app.inlinemanual.com'
    body:
      encoding: UTF-8
      string: '{"data":[{"id":"97dee356-0b9e-4ba4-a9a8-e787012c2cb1","is_private":true,"customer_name":"Jane
        Doe","address_street":null,"address_postal_code":null,"address_city":null,"address_country_code":"NL","address_country_name":"Nederland","address_extra_information":null,"shift_vat":null,"vat_number":null,"coc_number":null,"initials":null,"first_name":null,"last_name":null,"date_of_birth":null,"citizen_service_number":null,"attn":null,"phonenumber":null,"website":null,"email":null,"cc_emails":null,"email_salutation":"Geachte
        heer, mevrouw,","additional_information":null,"payment_term":30,"invoice_language":"nl","payment_method_invoice":"pay_later","reference":null,"mollie_direct_debit_status":null,"mollie_customer_id":null,"mollie_mandate_id":null},{"id":"49a5b92a-e33a-4001-b290-462de0fbab39","is_private":true,"customer_name":"John
        Doe","address_street":null,"address_postal_code":null,"address_city":null,"address_country_code":"NL","address_country_name":"Nederland","address_extra_information":null,"shift_vat":null,"vat_number":null,"coc_number":null,"initials":null,"first_name":null,"last_name":null,"date_of_birth":null,"citizen_service_number":null,"attn":null,"phonenumber":null,"website":null,"email":null,"cc_emails":null,"email_salutation":"Geachte
        heer, mevrouw,","additional_information":null,"payment_term":30,"invoice_language":"nl","payment_method_invoice":"pay_later","reference":null,"mollie_direct_debit_status":null,"mollie_customer_id":null,"mollie_mandate_id":null},{"id":"21a81a13-312f-4914-886b-75746c300a92","is_private":true,"customer_name":"Search
        target","address_street":null,"address_postal_code":null,"address_city":null,"address_country_code":"NL","address_country_name":"Nederland","address_extra_information":null,"shift_vat":null,"vat_number":null,"coc_number":null,"initials":null,"first_name":null,"last_name":null,"date_of_birth":null,"citizen_service_number":null,"attn":null,"phonenumber":null,"website":null,"email":"stephan+jortt-gem-customer@zilverline.com","cc_emails":[],"email_salutation":"Geachte
        heer, mevrouw,","additional_information":"","payment_term":30,"invoice_language":"nl","payment_method_invoice":"pay_later","reference":null,"mollie_direct_debit_status":null,"mollie_customer_id":null,"mollie_mandate_id":null}],"_links":{"previous":null,"next":null,"self":{"href":"https://api.jortt.nl/customers?page=1","type":"application/json"},"documentation":{"href":"https://developer.jortt.nl/#pagination","type":"text/html"}}}'
  recorded_at: Thu, 24 Sep 2020 15:03:22 GMT
- request:
    method: delete
    uri: https://api.jortt.nl/customers/97dee356-0b9e-4ba4-a9a8-e787012c2cb1
    body:
      encoding: US-ASCII
      string: ''
    headers:
      User-Agent:
      - Faraday v1.0.1
      Accept-Encoding:
      - gzip;q=1.0,deflate;q=0.6,identity;q=0.3
      Accept:
      - "*/*"
  response:
    status:
      code: 204
      message: No Content
    headers:
      Date:
      - Thu, 24 Sep 2020 15:03:22 GMT
      Connection:
      - keep-alive
      Server:
      - Apache
      Status:
      - 204 No Content
      Content-Security-Policy:
      - 'default-src ''self'' ''unsafe-inline'' blob: data: *.jortt.nl;     script-src
        ''self'' ''unsafe-eval'' blob: ''unsafe-inline'' files.jortt.nl *.googletagmanager.com
        *.uservoice.com inlinemanual.com *.google-analytics.com *.googleadservices.com
        bat.bing.com tapfiliate.com static.ads-twitter.com tagmanager.google.com analytics.twitter.com
        https://connect.facebook.net https://app.inlinemanual.com;     connect-src
        ''self'' https://*.jortt.nl wss://*.jortt.nl analytics.inlinemanual.com files.jortt.nl
        www.google-analytics.com stats.g.doubleclick.net file-storage-app-production.s3.eu-central-1.amazonaws.com
        https://app.inlinemanual.com;     style-src ''self'' ''unsafe-inline'' fonts.googleapis.com
        files.jortt.nl tagmanager.google.com https://app.inlinemanual.com;     font-src
        ''self'' data: fonts.gstatic.com files.jortt.nl https://app.inlinemanual.com;     frame-src
        ''self'' *.jortt.nl files.jortt.nl b.frstre.com beacon.tapfiliate.com jortt.uservoice.com
        *.vimeo.com https://connect.facebook.net;     img-src ''self'' blob: data:
        *.jortt.nl https://www.facebook.com files.jortt.nl www.google-analytics.com
        stats.g.doubleclick.net www.google.nl www.google.com bat.bing.com googleads.g.doubleclick.net
        https://www.googletagmanager.com https://widget.uservoice.com www.google.de
        t.co *.gstatic.com https://ssl.google-analytics.com https://app.inlinemanual.com'
    body:
      encoding: UTF-8
      string: ''
  recorded_at: Thu, 24 Sep 2020 15:03:22 GMT
- request:
    method: delete
    uri: https://api.jortt.nl/customers/49a5b92a-e33a-4001-b290-462de0fbab39
    body:
      encoding: US-ASCII
      string: ''
    headers:
      User-Agent:
      - Faraday v1.0.1
      Accept-Encoding:
      - gzip;q=1.0,deflate;q=0.6,identity;q=0.3
      Accept:
      - "*/*"
  response:
    status:
      code: 204
      message: No Content
    headers:
      Date:
      - Thu, 24 Sep 2020 15:03:22 GMT
      Connection:
      - keep-alive
      Server:
      - Apache
      Status:
      - 204 No Content
      Content-Security-Policy:
      - 'default-src ''self'' ''unsafe-inline'' blob: data: *.jortt.nl;     script-src
        ''self'' ''unsafe-eval'' blob: ''unsafe-inline'' files.jortt.nl *.googletagmanager.com
        *.uservoice.com inlinemanual.com *.google-analytics.com *.googleadservices.com
        bat.bing.com tapfiliate.com static.ads-twitter.com tagmanager.google.com analytics.twitter.com
        https://connect.facebook.net https://app.inlinemanual.com;     connect-src
        ''self'' https://*.jortt.nl wss://*.jortt.nl analytics.inlinemanual.com files.jortt.nl
        www.google-analytics.com stats.g.doubleclick.net file-storage-app-production.s3.eu-central-1.amazonaws.com
        https://app.inlinemanual.com;     style-src ''self'' ''unsafe-inline'' fonts.googleapis.com
        files.jortt.nl tagmanager.google.com https://app.inlinemanual.com;     font-src
        ''self'' data: fonts.gstatic.com files.jortt.nl https://app.inlinemanual.com;     frame-src
        ''self'' *.jortt.nl files.jortt.nl b.frstre.com beacon.tapfiliate.com jortt.uservoice.com
        *.vimeo.com https://connect.facebook.net;     img-src ''self'' blob: data:
        *.jortt.nl https://www.facebook.com files.jortt.nl www.google-analytics.com
        stats.g.doubleclick.net www.google.nl www.google.com bat.bing.com googleads.g.doubleclick.net
        https://www.googletagmanager.com https://widget.uservoice.com www.google.de
        t.co *.gstatic.com https://ssl.google-analytics.com https://app.inlinemanual.com'
    body:
      encoding: UTF-8
      string: ''
  recorded_at: Thu, 24 Sep 2020 15:03:22 GMT
recorded_with: VCR 6.0.0
